// Vitest Snapshot v1, https://vitest.dev/guide/snapshot.html

exports[`V1 training label translations — frozen > keeps the V1 DH instruction translations (cues and criteria) 1`] = `
{
  "braking_late_entry": {
    "executionCue": "Garde les freins jusqu'à juste avant l'entrée du virage, puis engage-toi sur ta ligne sans retoucher aux freins.",
    "sourceExecutionCue": "Delay brake release until just before the corner entry, then commit to the line without touching the brakes again.",
    "sourceSuccessCriterion": "Maintains entry speed later into the corner without overshooting the line.",
    "successCriterion": "Tu gardes ta vitesse d'entrée plus loin dans le virage, sans élargir ta trajectoire.",
  },
  "braking_marked_zone_at_speed": {
    "executionCue": "Marque une courte zone de freinage avant chaque passage technique — freine fort uniquement là, puis relâche complètement et passe l'obstacle sans freiner.",
    "sourceExecutionCue": "Mark one short braking zone before each technical feature — brake hard there only, then release fully and ride the feature off the brakes.",
    "sourceSuccessCriterion": "Brakes only in the marked zones and rides every technical feature off the brakes, at race speed, on 3/5 runs.",
    "successCriterion": "Tu freines seulement dans les zones marquées et tu passes chaque passage technique sans freiner, à vitesse course, sur 3 runs sur 5.",
  },
  "braking_progressive_control": {
    "executionCue": "Serre les deux freins progressivement avant chaque zone marquée — ne les attrape jamais d'un coup.",
    "sourceExecutionCue": "Squeeze both brakes progressively before each marked zone — never grab them in one motion.",
    "sourceSuccessCriterion": "Speed controlled smoothly into every marked braking zone, no skidding.",
    "successCriterion": "Tu contrôles ta vitesse en douceur dans chaque zone de freinage marquée, sans déraper.",
  },
  "cornering_berm_speed": {
    "executionCue": "Pédale extérieure en bas, charge tôt le virage relevé et garde ton poids appuyé dedans jusqu'à la sortie.",
    "sourceExecutionCue": "Load the berm early with your outside pedal down and drive weight into the wall through the exit.",
    "sourceSuccessCriterion": "Exits the berm faster than entry speed on 3/5 runs, no drift correction.",
    "successCriterion": "Tu sors du virage relevé plus vite que tu n'y es entré, sans devoir rattraper une glisse, sur 3 runs sur 5.",
  },
  "cornering_flat_turn_precision": {
    "executionCue": "Choisis le point de corde marqué avant l'entrée et fais passer ta roue avant dessus à chaque run.",
    "sourceExecutionCue": "Pick the marked apex before entry and steer your front wheel through it every run.",
    "sourceSuccessCriterion": "Hits the marked apex within a bike length on 4/5 runs.",
    "successCriterion": "Tu passes à moins d'une longueur de vélo du point de corde marqué, sur 4 runs sur 5.",
  },
  "cornering_off_camber": {
    "executionCue": "Engage ton poids côté aval du vélo et continue de pédaler dans la section en dévers — ne lâche rien en plein virage.",
    "sourceExecutionCue": "Commit your weight into the low side of the bike and keep pedaling through the off-camber section — don't back off mid-turn.",
    "sourceSuccessCriterion": "Completes the off-camber section on line, without a foot-down, on 3/5 runs.",
    "successCriterion": "Tu passes la section en dévers sur ta ligne, sans pied posé, sur 3 runs sur 5.",
  },
  "jumps_linked_tables": {
    "executionCue": "Enchaîne deux ou trois table-tops sans pédaler entre eux — pompe chaque réception pour garder ta vitesse jusqu'au décollage suivant.",
    "sourceExecutionCue": "Ride two or three tables in a row without pedaling between them — pump each landing to carry speed into the next take-off.",
    "sourceSuccessCriterion": "Clears two or three tables in a row with level landings and no speed-check braking on 3/5 runs.",
    "successCriterion": "Tu passes deux ou trois table-tops d'affilée, réceptions à plat, sans coup de frein pour contrôler ta vitesse, sur 3 runs sur 5.",
  },
  "jumps_step_down": {
    "executionCue": "Adapte ton pop à la distance à franchir et repère la réception tôt — engage-toi sur ta vitesse, ne te retiens pas en l'air.",
    "sourceExecutionCue": "Match your pop to the gap size and spot the landing early — commit to the speed, don't back off in the air.",
    "sourceSuccessCriterion": "Consistent, controlled landing on 3/5 runs, no case/overshoot.",
    "successCriterion": "Tu te réceptionnes de façon régulière et contrôlée, sans caser ni atterrir trop long, sur 3 runs sur 5.",
  },
  "jumps_table_top_basic": {
    "executionCue": "Garde les pédales à l'horizontale et pousse de façon égale sur le kick — absorbe la réception avec les genoux fléchis, pas avec le dos.",
    "sourceExecutionCue": "Keep your pedals level and push evenly through the lip — absorb the landing with bent knees, not your back.",
    "sourceSuccessCriterion": "Clean take-off and landing, wheels level, on 4/5 runs.",
    "successCriterion": "Tu décolles et tu te réceptionnes proprement, roues à plat, sur 4 runs sur 5.",
  },
  "line_choice_fast_line_compare": {
    "executionCue": "Chronomètre le même pierrier sur deux lignes différentes à vitesse course, puis roule la plus rapide trois runs d'affilée sans en changer en cours de section.",
    "sourceExecutionCue": "Time the same rock garden on two different lines at race speed, then ride the faster one three runs in a row without changing it mid-section.",
    "sourceSuccessCriterion": "Identifies the faster of two lines by timing, then repeats it cleanly at race speed on 3/5 runs.",
    "successCriterion": "Tu identifies la ligne la plus rapide au chrono, puis tu la répètes proprement à vitesse course, sur 3 runs sur 5.",
  },
  "line_choice_rock_garden": {
    "executionCue": "Observe le pierrier de loin, annonce ta ligne à voix haute, puis engage-toi sans en changer en cours de section.",
    "sourceExecutionCue": "Scan the rock garden from a distance, call your line out loud, then commit to it without changing mid-section.",
    "sourceSuccessCriterion": "Calls the line out loud before entry and executes it on 4/5 runs.",
    "successCriterion": "Tu annonces ta ligne à voix haute avant l'entrée et tu la tiens, sur 4 runs sur 5.",
  },
  "line_choice_two_line_scan": {
    "executionCue": "Arrête-toi au-dessus d'une courte section technique, choisis une des deux lignes possibles, puis roule exactement celle-là à vitesse contrôlée — prends l'autre au run suivant.",
    "sourceExecutionCue": "Stop above a short technical section, pick one of two possible lines, then ride exactly that line at controlled speed — take the other line on the next run.",
    "sourceSuccessCriterion": "Rides the line chosen before entry from start to exit, at controlled speed, on 4/5 runs.",
    "successCriterion": "Tu tiens la ligne choisie avant l'entrée, du début à la sortie, à vitesse contrôlée, sur 4 runs sur 5.",
  },
  "race_execution_full_run_sim": {
    "executionCue": "Roule la piste complète en mode course, du départ jusqu'à l'arrivée — traite chaque section comme si elle comptait.",
    "sourceExecutionCue": "Ride the full track at race intent from the first gate to the finish line — treat every section like it counts.",
    "sourceSuccessCriterion": "Completes a full timed run within a declared target margin of best practice time.",
    "successCriterion": "Tu termines un run complet chronométré dans la marge que tu t'es fixée par rapport à ton meilleur temps d'entraînement.",
  },
  "race_execution_section_consistency": {
    "executionCue": "Chronomètre 3 à 5 runs de la même courte section, à un rythme que tu peux répéter — même départ, même ligne, mêmes points de freinage à chaque run.",
    "sourceExecutionCue": "Time 3 to 5 runs of the same short section at a pace you can repeat — same start, same line, same braking points every run.",
    "sourceSuccessCriterion": "All timed runs of the section within 2 seconds of each other, with no crash or foot-down.",
    "successCriterion": "Tous tes runs chronométrés sur la section restent à moins de 2 secondes les uns des autres, sans chute ni pied posé.",
  },
  "race_execution_split_pace": {
    "executionCue": "Marque une section technique de 1 à 2 minutes avec un split à mi-parcours, roule-la en mode course depuis un départ arrêté, puis compare les deux splits et recommence en corrigeant la moitié la plus lente.",
    "sourceExecutionCue": "Mark a 1–2 minute technical section with a midway split, ride it at race intent from a standing start, then compare the two splits and repeat, fixing the slower half.",
    "sourceSuccessCriterion": "Rides the section at race intent with both splits within 3% of the best run on 2/3 runs.",
    "successCriterion": "Tu roules la section en mode course, tes deux splits à moins de 3 % de ton meilleur run, sur 2 runs sur 3.",
  },
  "roots_rocks_committed": {
    "executionCue": "Choisis ta ligne avant l'entrée et garde ta vitesse course jusqu'au bout — fais confiance au vélo pour passer les racines.",
    "sourceExecutionCue": "Pick your line before entry and carry race-pace speed through — trust the bike to track over the roots.",
    "sourceSuccessCriterion": "Clears the section at race-relevant speed on 3/5 runs.",
    "successCriterion": "Tu passes la section à une vitesse proche de la course, sur 3 runs sur 5.",
  },
  "roots_rocks_rolling": {
    "executionCue": "Garde une prise légère sur le guidon et laisse le vélo bouger sous toi — ne freine plus une fois engagé dans la section.",
    "sourceExecutionCue": "Keep a light grip and let the bike move under you — stay off the brakes once you commit to the section.",
    "sourceSuccessCriterion": "Maintains momentum through the section without unplanned dabs on 4/5 runs.",
    "successCriterion": "Tu gardes ton élan sur toute la section, sans pied posé imprévu, sur 4 runs sur 5.",
  },
  "roots_rocks_unweighted_line": {
    "executionCue": "Repère les plus grosses racines et pierres avant l'entrée, allège la roue avant sur chacune par une petite poussée des hanches, et garde les pédales à l'horizontale dans la section.",
    "sourceExecutionCue": "Spot the biggest roots and rocks before entry, lighten the front wheel over each one with a small push of the hips, and keep your pedals level through the section.",
    "sourceSuccessCriterion": "Clears the section with momentum and no front-wheel deflection on 4/5 runs.",
    "successCriterion": "Tu passes la section avec de l'élan, sans que l'avant dévie, sur 4 runs sur 5.",
  },
  "steep_terrain_body_position": {
    "executionCue": "Baisse les talons et recule ton poids à mesure que la pente se raidit — garde les bras fléchis, jamais tendus.",
    "sourceExecutionCue": "Drop your heels and shift weight rearward as the trail steepens — keep your arms bent, not locked out.",
    "sourceSuccessCriterion": "Weight stays centered/rearward as required, no front-wheel wash, on 4/5 runs.",
    "successCriterion": "Ton poids reste centré ou en arrière selon la pente, sans perte de l'avant, sur 4 runs sur 5.",
  },
  "steep_terrain_controlled_roll_in": {
    "executionCue": "Choisis une courte pente raide, règle une vitesse lente avant l'entrée, puis descends-la talons bas et poids en arrière, en freinant en douceur avec les deux freins.",
    "sourceExecutionCue": "Pick one short steep pitch, set a slow speed before the roll-in, then ride it heels down and weight back, braking smoothly with both brakes.",
    "sourceSuccessCriterion": "Rolls the pitch at a slow, steady speed without skidding or front-wheel wash on 4/5 runs.",
    "successCriterion": "Tu descends la pente à vitesse lente et régulière, sans déraper ni perdre l'avant, sur 4 runs sur 5.",
  },
  "steep_terrain_off_brake_chute": {
    "executionCue": "Casse ta vitesse avant le couloir raide, lâche les freins dans la partie la plus raide et laisse filer le vélo en bas — talons bas, regard sur la sortie.",
    "sourceExecutionCue": "Scrub speed before the chute, release the brakes through the steepest part and let the bike run out at the bottom — heels down, eyes on the exit.",
    "sourceSuccessCriterion": "Rides the steepest part of the chute off the brakes, with no front-wheel wash, on 3/5 runs.",
    "successCriterion": "Tu passes la partie la plus raide du couloir sans freiner et sans perte de l'avant, sur 3 runs sur 5.",
  },
}
`;

exports[`V1 training label translations — frozen > keeps the V1 exercise and drill names 1`] = `
{
  "DRILL_LABELS": {
    "braking_late_entry": "Freinage tardif, relâchement précoce",
    "braking_marked_zone_at_speed": "Points de freinage à vitesse de course",
    "braking_progressive_control": "Freinage progressif",
    "cornering_berm_speed": "Garder la vitesse dans les virages relevés",
    "cornering_flat_turn_precision": "Précision de trajectoire en virage plat",
    "cornering_off_camber": "Engagement en virage en dévers",
    "jumps_linked_tables": "Enchaîner les table-tops",
    "jumps_step_down": "Confiance sur les step-downs",
    "jumps_table_top_basic": "Bases des table-tops",
    "line_choice_fast_line_compare": "Comparaison chronométrée des lignes",
    "line_choice_rock_garden": "Choix de ligne dans le pierrier",
    "line_choice_two_line_scan": "Repérer deux lignes et s'engager",
    "race_execution_full_run_sim": "Simulation de run complet",
    "race_execution_section_consistency": "Régularité chronométrée par section",
    "race_execution_split_pace": "Run fractionné à allure course",
    "roots_rocks_committed": "Racines et rochers engagés, à vitesse",
    "roots_rocks_rolling": "Rouler sur racines et rochers",
    "roots_rocks_unweighted_line": "Ligne délestée sur racines et rochers",
    "steep_terrain_body_position": "Position du corps en pente raide",
    "steep_terrain_controlled_roll_in": "Entrée contrôlée en pente raide",
    "steep_terrain_off_brake_chute": "Couloir raide sans freiner",
  },
  "EXERCISE_LABELS": {
    "barbell_back_squat": "Squat arrière à la barre",
    "barbell_bench_press": "Développé couché à la barre",
    "barbell_deadlift": "Soulevé de terre à la barre",
    "bear_crawl": "Marche de l'ours",
    "bodyweight_hip_hinge": "Flexion de hanches au poids du corps",
    "bodyweight_squat": "Squat au poids du corps",
    "dumbbell_bench_press": "Développé couché aux haltères",
    "dumbbell_romanian_deadlift": "Soulevé de terre roumain aux haltères",
    "farmer_carry": "Marche du fermier",
    "floor_ytw_raise": "Élévations Y-T-W au sol",
    "goblet_squat": "Goblet squat",
    "hanging_leg_raise": "Relevés de jambes suspendu",
    "hip_flexor_mobility": "Mobilité des fléchisseurs de hanche",
    "lat_pulldown": "Tirage vertical à la poulie",
    "pallof_press": "Pallof press",
    "plank": "Gainage (planche)",
    "pull_up": "Tractions",
    "pushup": "Pompes",
    "resistance_band_row": "Tirage à l'élastique",
    "suitcase_carry": "Marche valise (un bras)",
    "thoracic_rotation_mobility": "Mobilité thoracique en rotation",
  },
}
`;
